Analysis & Synthesis report for sls_PSRM_vhdl
Wed Apr 23 23:47:13 2025
Quartus Prime Version 18.1.0 Build 625 09/12/2018 SJ Lite Edition


---------------------
; Table of Contents ;
---------------------
  1. Legal Notice
  2. Analysis & Synthesis Summary
  3. Analysis & Synthesis Settings
  4. Parallel Compilation
  5. Analysis & Synthesis Source Files Read
  6. Analysis & Synthesis Resource Usage Summary
  7. Analysis & Synthesis Resource Utilization by Entity
  8. Registers Removed During Synthesis
  9. Removed Registers Triggering Further Register Optimizations
 10. General Register Statistics
 11. Multiplexer Restructuring Statistics (Restructuring Performed)
 12. Parameter Settings for User Entity Instance: sls_nbit_2sc_in_vhdl:Md_2sc
 13. Parameter Settings for User Entity Instance: sls_nbit_2sc_in_vhdl:mr_2sc
 14. Parameter Settings for User Entity Instance: sls_PSRM_stage_vhdl:stage0|sls_nbit_reg_vhdl:Md_reg
 15. Parameter Settings for User Entity Instance: sls_PSRM_stage_vhdl:stage0|sls_nbit_reg_vhdl:P_reg
 16. Parameter Settings for User Entity Instance: sls_PSRM_stage_vhdl:stage0|sls_nbit_reg_vhdl:mr_reg
 17. Parameter Settings for User Entity Instance: sls_PSRM_stage_vhdl:stage0|sls_nbit_add_sub_vhdl:adder
 18. Parameter Settings for User Entity Instance: sls_PSRM_stage_vhdl:stage1|sls_nbit_reg_vhdl:Md_reg
 19. Parameter Settings for User Entity Instance: sls_PSRM_stage_vhdl:stage1|sls_nbit_reg_vhdl:P_reg
 20. Parameter Settings for User Entity Instance: sls_PSRM_stage_vhdl:stage1|sls_nbit_reg_vhdl:mr_reg
 21. Parameter Settings for User Entity Instance: sls_PSRM_stage_vhdl:stage1|sls_nbit_add_sub_vhdl:adder
 22. Parameter Settings for User Entity Instance: sls_PSRM_stage_vhdl:stage2|sls_nbit_reg_vhdl:Md_reg
 23. Parameter Settings for User Entity Instance: sls_PSRM_stage_vhdl:stage2|sls_nbit_reg_vhdl:P_reg
 24. Parameter Settings for User Entity Instance: sls_PSRM_stage_vhdl:stage2|sls_nbit_reg_vhdl:mr_reg
 25. Parameter Settings for User Entity Instance: sls_PSRM_stage_vhdl:stage2|sls_nbit_add_sub_vhdl:adder
 26. Parameter Settings for User Entity Instance: sls_PSRM_stage_vhdl:stage3|sls_nbit_reg_vhdl:Md_reg
 27. Parameter Settings for User Entity Instance: sls_PSRM_stage_vhdl:stage3|sls_nbit_reg_vhdl:P_reg
 28. Parameter Settings for User Entity Instance: sls_PSRM_stage_vhdl:stage3|sls_nbit_reg_vhdl:mr_reg
 29. Parameter Settings for User Entity Instance: sls_PSRM_stage_vhdl:stage3|sls_nbit_add_sub_vhdl:adder
 30. Parameter Settings for User Entity Instance: sls_nbit_reg_vhdl:MD_Reg
 31. Parameter Settings for User Entity Instance: sls_nbit_reg_vhdl:PP_Reg
 32. Parameter Settings for User Entity Instance: sls_nbit_reg_vhdl:mr_Reg
 33. Parameter Settings for User Entity Instance: sls_nBitSFR_vhdl:twosc_Reg
 34. Parameter Settings for User Entity Instance: sls_nbit_2sc_out_vhdl:f_2sc
 35. Port Connectivity Checks: "sls_nBitSFR_vhdl:twosc_Reg"
 36. Port Connectivity Checks: "sls_nbit_reg_vhdl:mr_Reg"
 37. Port Connectivity Checks: "sls_nbit_reg_vhdl:PP_Reg"
 38. Port Connectivity Checks: "sls_nbit_reg_vhdl:MD_Reg"
 39. Port Connectivity Checks: "sls_PSRM_stage_vhdl:stage3"
 40. Port Connectivity Checks: "sls_PSRM_stage_vhdl:stage2"
 41. Port Connectivity Checks: "sls_PSRM_stage_vhdl:stage1"
 42. Port Connectivity Checks: "sls_PSRM_stage_vhdl:stage0|sls_nbit_add_sub_vhdl:adder"
 43. Port Connectivity Checks: "sls_PSRM_stage_vhdl:stage0"
 44. Port Connectivity Checks: "sls_nbit_2sc_in_vhdl:Md_2sc|sls_and2:\twosc:3:stage2"
 45. Port Connectivity Checks: "sls_nbit_2sc_in_vhdl:Md_2sc|sls_and2:\twosc:0:stage2"
 46. Port Connectivity Checks: "sls_nbit_2sc_in_vhdl:Md_2sc|sls_xor2:\twosc:0:stage1"
 47. Post-Synthesis Netlist Statistics for Top Partition
 48. Elapsed Time Per Partition
 49. Analysis & Synthesis Messages



----------------
; Legal Notice ;
----------------
Copyright (C) 2018  Intel Corporation. All rights reserved.
Your use of Intel Corporation's design tools, logic functions 
and other software and tools, and its AMPP partner logic 
functions, and any output files from any of the foregoing 
(including device programming or simulation files), and any 
associated documentation or information are expressly subject 
to the terms and conditions of the Intel Program License 
Subscription Agreement, the Intel Quartus Prime License Agreement,
the Intel FPGA IP License Agreement, or other applicable license
agreement, including, without limitation, that your use is for
the sole purpose of programming logic devices manufactured by
Intel and sold by Intel or its authorized distributors.  Please
refer to the applicable agreement for further details.



+----------------------------------------------------------------------------------+
; Analysis & Synthesis Summary                                                     ;
+------------------------------------+---------------------------------------------+
; Analysis & Synthesis Status        ; Successful - Wed Apr 23 23:47:13 2025       ;
; Quartus Prime Version              ; 18.1.0 Build 625 09/12/2018 SJ Lite Edition ;
; Revision Name                      ; sls_PSRM_vhdl                               ;
; Top-level Entity Name              ; sls_PSRM_vhdl                               ;
; Family                             ; Cyclone IV E                                ;
; Total logic elements               ; 74                                          ;
;     Total combinational functions  ; 74                                          ;
;     Dedicated logic registers      ; 56                                          ;
; Total registers                    ; 56                                          ;
; Total pins                         ; 18                                          ;
; Total virtual pins                 ; 0                                           ;
; Total memory bits                  ; 0                                           ;
; Embedded Multiplier 9-bit elements ; 0                                           ;
; Total PLLs                         ; 0                                           ;
+------------------------------------+---------------------------------------------+


+------------------------------------------------------------------------------------------------------------+
; Analysis & Synthesis Settings                                                                              ;
+------------------------------------------------------------------+--------------------+--------------------+
; Option                                                           ; Setting            ; Default Value      ;
+------------------------------------------------------------------+--------------------+--------------------+
; Device                                                           ; EP4CE22F17C6       ;                    ;
; Top-level entity name                                            ; sls_PSRM_vhdl      ; sls_PSRM_vhdl      ;
; Family name                                                      ; Cyclone IV E       ; Cyclone V          ;
; Use smart compilation                                            ; Off                ; Off                ;
; Enable parallel Assembler and Timing Analyzer during compilation ; On                 ; On                 ;
; Enable compact report table                                      ; Off                ; Off                ;
; Restructure Multiplexers                                         ; Auto               ; Auto               ;
; Create Debugging Nodes for IP Cores                              ; Off                ; Off                ;
; Preserve fewer node names                                        ; On                 ; On                 ;
; Intel FPGA IP Evaluation Mode                                    ; Enable             ; Enable             ;
; Verilog Version                                                  ; Verilog_2001       ; Verilog_2001       ;
; VHDL Version                                                     ; VHDL_1993          ; VHDL_1993          ;
; State Machine Processing                                         ; Auto               ; Auto               ;
; Safe State Machine                                               ; Off                ; Off                ;
; Extract Verilog State Machines                                   ; On                 ; On                 ;
; Extract VHDL State Machines                                      ; On                 ; On                 ;
; Ignore Verilog initial constructs                                ; Off                ; Off                ;
; Iteration limit for constant Verilog loops                       ; 5000               ; 5000               ;
; Iteration limit for non-constant Verilog loops                   ; 250                ; 250                ;
; Add Pass-Through Logic to Inferred RAMs                          ; On                 ; On                 ;
; Infer RAMs from Raw Logic                                        ; On                 ; On                 ;
; Parallel Synthesis                                               ; On                 ; On                 ;
; DSP Block Balancing                                              ; Auto               ; Auto               ;
; NOT Gate Push-Back                                               ; On                 ; On                 ;
; Power-Up Don't Care                                              ; On                 ; On                 ;
; Remove Redundant Logic Cells                                     ; Off                ; Off                ;
; Remove Duplicate Registers                                       ; On                 ; On                 ;
; Ignore CARRY Buffers                                             ; Off                ; Off                ;
; Ignore CASCADE Buffers                                           ; Off                ; Off                ;
; Ignore GLOBAL Buffers                                            ; Off                ; Off                ;
; Ignore ROW GLOBAL Buffers                                        ; Off                ; Off                ;
; Ignore LCELL Buffers                                             ; Off                ; Off                ;
; Ignore SOFT Buffers                                              ; On                 ; On                 ;
; Limit AHDL Integers to 32 Bits                                   ; Off                ; Off                ;
; Optimization Technique                                           ; Balanced           ; Balanced           ;
; Carry Chain Length                                               ; 70                 ; 70                 ;
; Auto Carry Chains                                                ; On                 ; On                 ;
; Auto Open-Drain Pins                                             ; On                 ; On                 ;
; Perform WYSIWYG Primitive Resynthesis                            ; Off                ; Off                ;
; Auto ROM Replacement                                             ; On                 ; On                 ;
; Auto RAM Replacement                                             ; On                 ; On                 ;
; Auto DSP Block Replacement                                       ; On                 ; On                 ;
; Auto Shift Register Replacement                                  ; Auto               ; Auto               ;
; Allow Shift Register Merging across Hierarchies                  ; Auto               ; Auto               ;
; Auto Clock Enable Replacement                                    ; On                 ; On                 ;
; Strict RAM Replacement                                           ; Off                ; Off                ;
; Allow Synchronous Control Signals                                ; On                 ; On                 ;
; Force Use of Synchronous Clear Signals                           ; Off                ; Off                ;
; Auto RAM Block Balancing                                         ; On                 ; On                 ;
; Auto RAM to Logic Cell Conversion                                ; Off                ; Off                ;
; Auto Resource Sharing                                            ; Off                ; Off                ;
; Allow Any RAM Size For Recognition                               ; Off                ; Off                ;
; Allow Any ROM Size For Recognition                               ; Off                ; Off                ;
; Allow Any Shift Register Size For Recognition                    ; Off                ; Off                ;
; Use LogicLock Constraints during Resource Balancing              ; On                 ; On                 ;
; Ignore translate_off and synthesis_off directives                ; Off                ; Off                ;
; Timing-Driven Synthesis                                          ; On                 ; On                 ;
; Report Parameter Settings                                        ; On                 ; On                 ;
; Report Source Assignments                                        ; On                 ; On                 ;
; Report Connectivity Checks                                       ; On                 ; On                 ;
; Ignore Maximum Fan-Out Assignments                               ; Off                ; Off                ;
; Synchronization Register Chain Length                            ; 2                  ; 2                  ;
; Power Optimization During Synthesis                              ; Normal compilation ; Normal compilation ;
; HDL message level                                                ; Level2             ; Level2             ;
; Suppress Register Optimization Related Messages                  ; Off                ; Off                ;
; Number of Removed Registers Reported in Synthesis Report         ; 5000               ; 5000               ;
; Number of Swept Nodes Reported in Synthesis Report               ; 5000               ; 5000               ;
; Number of Inverted Registers Reported in Synthesis Report        ; 100                ; 100                ;
; Clock MUX Protection                                             ; On                 ; On                 ;
; Auto Gated Clock Conversion                                      ; Off                ; Off                ;
; Block Design Naming                                              ; Auto               ; Auto               ;
; SDC constraint protection                                        ; Off                ; Off                ;
; Synthesis Effort                                                 ; Auto               ; Auto               ;
; Shift Register Replacement - Allow Asynchronous Clear Signal     ; On                 ; On                 ;
; Pre-Mapping Resynthesis Optimization                             ; Off                ; Off                ;
; Analysis & Synthesis Message Level                               ; Medium             ; Medium             ;
; Disable Register Merging Across Hierarchies                      ; Auto               ; Auto               ;
; Resource Aware Inference For Block RAM                           ; On                 ; On                 ;
+------------------------------------------------------------------+--------------------+--------------------+


+------------------------------------------+
; Parallel Compilation                     ;
+----------------------------+-------------+
; Processors                 ; Number      ;
+----------------------------+-------------+
; Number detected on machine ; 16          ;
; Maximum allowed            ; 8           ;
;                            ;             ;
; Average used               ; 1.00        ;
; Maximum used               ; 8           ;
;                            ;             ;
; Usage by Processor         ; % Time Used ;
;     Processor 1            ; 100.0%      ;
;     Processors 2-8         ;   0.0%      ;
+----------------------------+-------------+


+--------------------------------------------------------------------------------------------------------------------------------------------------------------------------+
; Analysis & Synthesis Source Files Read                                                                                                                                   ;
+----------------------------------+-----------------+-----------------------+-----------------------------------------------------------------------------------+---------+
; File Name with User-Entered Path ; Used in Netlist ; File Type             ; File Name with Absolute Path                                                      ; Library ;
+----------------------------------+-----------------+-----------------------+-----------------------------------------------------------------------------------+---------+
; sls_nbit_reg_vhdl.vhd            ; yes             ; User VHDL File        ; C:/Users/sls3445/Documents/DS2_labs/Lab12/sls_PSRM_vhdl/sls_nbit_reg_vhdl.vhd     ;         ;
; sls_PSRM_package.vhd             ; yes             ; User VHDL File        ; C:/Users/sls3445/Documents/DS2_labs/Lab12/sls_PSRM_vhdl/sls_PSRM_package.vhd      ;         ;
; sls_nBitSFR_vhdl.vhd             ; yes             ; User VHDL File        ; C:/Users/sls3445/Documents/DS2_labs/Lab12/sls_PSRM_vhdl/sls_nBitSFR_vhdl.vhd      ;         ;
; sls_PSRM_stage_vhdl.vhd          ; yes             ; User VHDL File        ; C:/Users/sls3445/Documents/DS2_labs/Lab12/sls_PSRM_vhdl/sls_PSRM_stage_vhdl.vhd   ;         ;
; sls_PSRM_vhdl.vhd                ; yes             ; User VHDL File        ; C:/Users/sls3445/Documents/DS2_labs/Lab12/sls_PSRM_vhdl/sls_PSRM_vhdl.vhd         ;         ;
; sls_nbit_2sc_in_vhdl.vhd         ; yes             ; User VHDL File        ; C:/Users/sls3445/Documents/DS2_labs/Lab12/sls_PSRM_vhdl/sls_nbit_2sc_in_vhdl.vhd  ;         ;
; sls_nbit_2sc_out_vhdl.vhd        ; yes             ; User VHDL File        ; C:/Users/sls3445/Documents/DS2_labs/Lab12/sls_PSRM_vhdl/sls_nbit_2sc_out_vhdl.vhd ;         ;
; sls_nbit_add_sub_vhdl.vhd        ; yes             ; User VHDL File        ; C:/Users/sls3445/Documents/DS2_labs/Lab12/sls_PSRM_vhdl/sls_nbit_add_sub_vhdl.vhd ;         ;
; sls_not.vhd                      ; yes             ; Auto-Found VHDL File  ; C:/Users/sls3445/Documents/DS2_labs/Lab12/sls_PSRM_vhdl/sls_not.vhd               ;         ;
; sls_xor2.vhd                     ; yes             ; Auto-Found VHDL File  ; C:/Users/sls3445/Documents/DS2_labs/Lab12/sls_PSRM_vhdl/sls_xor2.vhd              ;         ;
; sls_and2.vhd                     ; yes             ; Auto-Found VHDL File  ; C:/Users/sls3445/Documents/DS2_labs/Lab12/sls_PSRM_vhdl/sls_and2.vhd              ;         ;
+----------------------------------+-----------------+-----------------------+-----------------------------------------------------------------------------------+---------+


+-----------------------------------------------------------+
; Analysis & Synthesis Resource Usage Summary               ;
+---------------------------------------------+-------------+
; Resource                                    ; Usage       ;
+---------------------------------------------+-------------+
; Estimated Total logic elements              ; 74          ;
;                                             ;             ;
; Total combinational functions               ; 74          ;
; Logic element usage by number of LUT inputs ;             ;
;     -- 4 input functions                    ; 20          ;
;     -- 3 input functions                    ; 17          ;
;     -- <=2 input functions                  ; 37          ;
;                                             ;             ;
; Logic elements by mode                      ;             ;
;     -- normal mode                          ; 67          ;
;     -- arithmetic mode                      ; 7           ;
;                                             ;             ;
; Total registers                             ; 56          ;
;     -- Dedicated logic registers            ; 56          ;
;     -- I/O registers                        ; 0           ;
;                                             ;             ;
; I/O pins                                    ; 18          ;
;                                             ;             ;
; Embedded Multiplier 9-bit elements          ; 0           ;
;                                             ;             ;
; Maximum fan-out node                        ; Reset~input ;
; Maximum fan-out                             ; 56          ;
; Total fan-out                               ; 369         ;
; Average fan-out                             ; 2.22        ;
+---------------------------------------------+-------------+


+-------------------------------------------------------------------------------------------------------------------------------------------------------------------------------------------------------------------------------------------------------------------------------+
; Analysis & Synthesis Resource Utilization by Entity                                                                                                                                                                                                                           ;
+-------------------------------------+---------------------+---------------------------+-------------+--------------+---------+-----------+------+--------------+-----------------------------------------------------------------------+-----------------------+--------------+
; Compilation Hierarchy Node          ; Combinational ALUTs ; Dedicated Logic Registers ; Memory Bits ; DSP Elements ; DSP 9x9 ; DSP 18x18 ; Pins ; Virtual Pins ; Full Hierarchy Name                                                   ; Entity Name           ; Library Name ;
+-------------------------------------+---------------------+---------------------------+-------------+--------------+---------+-----------+------+--------------+-----------------------------------------------------------------------+-----------------------+--------------+
; |sls_PSRM_vhdl                      ; 74 (1)              ; 56 (0)                    ; 0           ; 0            ; 0       ; 0         ; 18   ; 0            ; |sls_PSRM_vhdl                                                        ; sls_PSRM_vhdl         ; work         ;
;    |sls_PSRM_stage_vhdl:stage0|     ; 10 (4)              ; 8 (0)                     ; 0           ; 0            ; 0       ; 0         ; 0    ; 0            ; |sls_PSRM_vhdl|sls_PSRM_stage_vhdl:stage0                             ; sls_PSRM_stage_vhdl   ; work         ;
;       |sls_nbit_reg_vhdl:Md_reg|    ; 3 (3)               ; 4 (4)                     ; 0           ; 0            ; 0       ; 0         ; 0    ; 0            ; |sls_PSRM_vhdl|sls_PSRM_stage_vhdl:stage0|sls_nbit_reg_vhdl:Md_reg    ; sls_nbit_reg_vhdl     ; work         ;
;       |sls_nbit_reg_vhdl:mr_reg|    ; 3 (3)               ; 4 (4)                     ; 0           ; 0            ; 0       ; 0         ; 0    ; 0            ; |sls_PSRM_vhdl|sls_PSRM_stage_vhdl:stage0|sls_nbit_reg_vhdl:mr_reg    ; sls_nbit_reg_vhdl     ; work         ;
;    |sls_PSRM_stage_vhdl:stage1|     ; 15 (0)              ; 11 (0)                    ; 0           ; 0            ; 0       ; 0         ; 0    ; 0            ; |sls_PSRM_vhdl|sls_PSRM_stage_vhdl:stage1                             ; sls_PSRM_stage_vhdl   ; work         ;
;       |sls_nbit_add_sub_vhdl:adder| ; 8 (8)               ; 0 (0)                     ; 0           ; 0            ; 0       ; 0         ; 0    ; 0            ; |sls_PSRM_vhdl|sls_PSRM_stage_vhdl:stage1|sls_nbit_add_sub_vhdl:adder ; sls_nbit_add_sub_vhdl ; work         ;
;       |sls_nbit_reg_vhdl:Md_reg|    ; 4 (4)               ; 4 (4)                     ; 0           ; 0            ; 0       ; 0         ; 0    ; 0            ; |sls_PSRM_vhdl|sls_PSRM_stage_vhdl:stage1|sls_nbit_reg_vhdl:Md_reg    ; sls_nbit_reg_vhdl     ; work         ;
;       |sls_nbit_reg_vhdl:P_reg|     ; 0 (0)               ; 3 (3)                     ; 0           ; 0            ; 0       ; 0         ; 0    ; 0            ; |sls_PSRM_vhdl|sls_PSRM_stage_vhdl:stage1|sls_nbit_reg_vhdl:P_reg     ; sls_nbit_reg_vhdl     ; work         ;
;       |sls_nbit_reg_vhdl:mr_reg|    ; 3 (3)               ; 4 (4)                     ; 0           ; 0            ; 0       ; 0         ; 0    ; 0            ; |sls_PSRM_vhdl|sls_PSRM_stage_vhdl:stage1|sls_nbit_reg_vhdl:mr_reg    ; sls_nbit_reg_vhdl     ; work         ;
;    |sls_PSRM_stage_vhdl:stage2|     ; 15 (0)              ; 12 (0)                    ; 0           ; 0            ; 0       ; 0         ; 0    ; 0            ; |sls_PSRM_vhdl|sls_PSRM_stage_vhdl:stage2                             ; sls_PSRM_stage_vhdl   ; work         ;
;       |sls_nbit_add_sub_vhdl:adder| ; 8 (8)               ; 0 (0)                     ; 0           ; 0            ; 0       ; 0         ; 0    ; 0            ; |sls_PSRM_vhdl|sls_PSRM_stage_vhdl:stage2|sls_nbit_add_sub_vhdl:adder ; sls_nbit_add_sub_vhdl ; work         ;
;       |sls_nbit_reg_vhdl:Md_reg|    ; 4 (4)               ; 4 (4)                     ; 0           ; 0            ; 0       ; 0         ; 0    ; 0            ; |sls_PSRM_vhdl|sls_PSRM_stage_vhdl:stage2|sls_nbit_reg_vhdl:Md_reg    ; sls_nbit_reg_vhdl     ; work         ;
;       |sls_nbit_reg_vhdl:P_reg|     ; 0 (0)               ; 4 (4)                     ; 0           ; 0            ; 0       ; 0         ; 0    ; 0            ; |sls_PSRM_vhdl|sls_PSRM_stage_vhdl:stage2|sls_nbit_reg_vhdl:P_reg     ; sls_nbit_reg_vhdl     ; work         ;
;       |sls_nbit_reg_vhdl:mr_reg|    ; 3 (3)               ; 4 (4)                     ; 0           ; 0            ; 0       ; 0         ; 0    ; 0            ; |sls_PSRM_vhdl|sls_PSRM_stage_vhdl:stage2|sls_nbit_reg_vhdl:mr_reg    ; sls_nbit_reg_vhdl     ; work         ;
;    |sls_PSRM_stage_vhdl:stage3|     ; 15 (0)              ; 12 (0)                    ; 0           ; 0            ; 0       ; 0         ; 0    ; 0            ; |sls_PSRM_vhdl|sls_PSRM_stage_vhdl:stage3                             ; sls_PSRM_stage_vhdl   ; work         ;
;       |sls_nbit_add_sub_vhdl:adder| ; 8 (8)               ; 0 (0)                     ; 0           ; 0            ; 0       ; 0         ; 0    ; 0            ; |sls_PSRM_vhdl|sls_PSRM_stage_vhdl:stage3|sls_nbit_add_sub_vhdl:adder ; sls_nbit_add_sub_vhdl ; work         ;
;       |sls_nbit_reg_vhdl:Md_reg|    ; 4 (4)               ; 4 (4)                     ; 0           ; 0            ; 0       ; 0         ; 0    ; 0            ; |sls_PSRM_vhdl|sls_PSRM_stage_vhdl:stage3|sls_nbit_reg_vhdl:Md_reg    ; sls_nbit_reg_vhdl     ; work         ;
;       |sls_nbit_reg_vhdl:P_reg|     ; 0 (0)               ; 4 (4)                     ; 0           ; 0            ; 0       ; 0         ; 0    ; 0            ; |sls_PSRM_vhdl|sls_PSRM_stage_vhdl:stage3|sls_nbit_reg_vhdl:P_reg     ; sls_nbit_reg_vhdl     ; work         ;
;       |sls_nbit_reg_vhdl:mr_reg|    ; 3 (3)               ; 4 (4)                     ; 0           ; 0            ; 0       ; 0         ; 0    ; 0            ; |sls_PSRM_vhdl|sls_PSRM_stage_vhdl:stage3|sls_nbit_reg_vhdl:mr_reg    ; sls_nbit_reg_vhdl     ; work         ;
;    |sls_nBitSFR_vhdl:twosc_Reg|     ; 4 (4)               ; 5 (5)                     ; 0           ; 0            ; 0       ; 0         ; 0    ; 0            ; |sls_PSRM_vhdl|sls_nBitSFR_vhdl:twosc_Reg                             ; sls_nBitSFR_vhdl      ; work         ;
;    |sls_nbit_2sc_in_vhdl:Md_2sc|    ; 1 (1)               ; 0 (0)                     ; 0           ; 0            ; 0       ; 0         ; 0    ; 0            ; |sls_PSRM_vhdl|sls_nbit_2sc_in_vhdl:Md_2sc                            ; sls_nbit_2sc_in_vhdl  ; work         ;
;    |sls_nbit_2sc_in_vhdl:mr_2sc|    ; 1 (1)               ; 0 (0)                     ; 0           ; 0            ; 0       ; 0         ; 0    ; 0            ; |sls_PSRM_vhdl|sls_nbit_2sc_in_vhdl:mr_2sc                            ; sls_nbit_2sc_in_vhdl  ; work         ;
;    |sls_nbit_2sc_out_vhdl:f_2sc|    ; 9 (9)               ; 0 (0)                     ; 0           ; 0            ; 0       ; 0         ; 0    ; 0            ; |sls_PSRM_vhdl|sls_nbit_2sc_out_vhdl:f_2sc                            ; sls_nbit_2sc_out_vhdl ; work         ;
;    |sls_nbit_reg_vhdl:PP_Reg|       ; 0 (0)               ; 4 (4)                     ; 0           ; 0            ; 0       ; 0         ; 0    ; 0            ; |sls_PSRM_vhdl|sls_nbit_reg_vhdl:PP_Reg                               ; sls_nbit_reg_vhdl     ; work         ;
;    |sls_nbit_reg_vhdl:mr_Reg|       ; 3 (3)               ; 4 (4)                     ; 0           ; 0            ; 0       ; 0         ; 0    ; 0            ; |sls_PSRM_vhdl|sls_nbit_reg_vhdl:mr_Reg                               ; sls_nbit_reg_vhdl     ; work         ;
+-------------------------------------+---------------------+---------------------------+-------------+--------------+---------+-----------+------+--------------+-----------------------------------------------------------------------+-----------------------+--------------+
Note: For table entries with two numbers listed, the numbers in parentheses indicate the number of resources of the given type used by the specific entity alone. The numbers listed outside of parentheses indicate the total resources of the given type used by the specific entity and all of its sub-entities in the hierarchy.


+--------------------------------------------------------------------------------------------------------+
; Registers Removed During Synthesis                                                                     ;
+---------------------------------------------------------------+----------------------------------------+
; Register name                                                 ; Reason for Removal                     ;
+---------------------------------------------------------------+----------------------------------------+
; sls_nBitSFR_vhdl:twosc_Reg|Dout[0]                            ; Lost fanout                            ;
; sls_PSRM_stage_vhdl:stage0|sls_nbit_reg_vhdl:P_reg|Dout[0..3] ; Stuck at GND due to stuck port data_in ;
; sls_PSRM_stage_vhdl:stage1|sls_nbit_reg_vhdl:P_reg|Dout[3]    ; Stuck at GND due to stuck port data_in ;
; Total Number of Removed Registers = 6                         ;                                        ;
+---------------------------------------------------------------+----------------------------------------+


+-----------------------------------------------------------------------------------------------------------------------------------------------------+
; Removed Registers Triggering Further Register Optimizations                                                                                         ;
+------------------------------------------------------------+---------------------------+------------------------------------------------------------+
; Register name                                              ; Reason for Removal        ; Registers Removed due to This Register                     ;
+------------------------------------------------------------+---------------------------+------------------------------------------------------------+
; sls_PSRM_stage_vhdl:stage0|sls_nbit_reg_vhdl:P_reg|Dout[2] ; Stuck at GND              ; sls_PSRM_stage_vhdl:stage1|sls_nbit_reg_vhdl:P_reg|Dout[3] ;
;                                                            ; due to stuck port data_in ;                                                            ;
+------------------------------------------------------------+---------------------------+------------------------------------------------------------+


+------------------------------------------------------+
; General Register Statistics                          ;
+----------------------------------------------+-------+
; Statistic                                    ; Value ;
+----------------------------------------------+-------+
; Total registers                              ; 56    ;
; Number of registers using Synchronous Clear  ; 26    ;
; Number of registers using Synchronous Load   ; 0     ;
; Number of registers using Asynchronous Clear ; 0     ;
; Number of registers using Asynchronous Load  ; 0     ;
; Number of registers using Clock Enable       ; 0     ;
; Number of registers using Preset             ; 0     ;
+----------------------------------------------+-------+


+------------------------------------------------------------------------------------------------------------------------------------------------------------------------------------------+
; Multiplexer Restructuring Statistics (Restructuring Performed)                                                                                                                           ;
+--------------------+-----------+---------------+----------------------+------------------------+------------+----------------------------------------------------------------------------+
; Multiplexer Inputs ; Bus Width ; Baseline Area ; Area if Restructured ; Saving if Restructured ; Registered ; Example Multiplexer Output                                                 ;
+--------------------+-----------+---------------+----------------------+------------------------+------------+----------------------------------------------------------------------------+
; 3:1                ; 2 bits    ; 4 LEs         ; 4 LEs                ; 0 LEs                  ; Yes        ; |sls_PSRM_vhdl|sls_PSRM_stage_vhdl:stage0|sls_nbit_reg_vhdl:mr_reg|Dout[1] ;
; 3:1                ; 2 bits    ; 4 LEs         ; 4 LEs                ; 0 LEs                  ; Yes        ; |sls_PSRM_vhdl|sls_PSRM_stage_vhdl:stage0|sls_nbit_reg_vhdl:Md_reg|Dout[2] ;
+--------------------+-----------+---------------+----------------------+------------------------+------------+----------------------------------------------------------------------------+


+--------------------------------------------------------------------------+
; Parameter Settings for User Entity Instance: sls_nbit_2sc_in_vhdl:Md_2sc ;
+----------------+-------+-------------------------------------------------+
; Parameter Name ; Value ; Type                                            ;
+----------------+-------+-------------------------------------------------+
; n              ; 4     ; Signed Integer                                  ;
+----------------+-------+-------------------------------------------------+
Note: In order to hide this table in the UI and the text report file, please set the "Show Parameter Settings in Synthesis Report" option in "Analysis and Synthesis Settings -> More Settings" to "Off".


+--------------------------------------------------------------------------+
; Parameter Settings for User Entity Instance: sls_nbit_2sc_in_vhdl:mr_2sc ;
+----------------+-------+-------------------------------------------------+
; Parameter Name ; Value ; Type                                            ;
+----------------+-------+-------------------------------------------------+
; n              ; 4     ; Signed Integer                                  ;
+----------------+-------+-------------------------------------------------+
Note: In order to hide this table in the UI and the text report file, please set the "Show Parameter Settings in Synthesis Report" option in "Analysis and Synthesis Settings -> More Settings" to "Off".


+--------------------------------------------------------------------------------------------------+
; Parameter Settings for User Entity Instance: sls_PSRM_stage_vhdl:stage0|sls_nbit_reg_vhdl:Md_reg ;
+----------------+-------+-------------------------------------------------------------------------+
; Parameter Name ; Value ; Type                                                                    ;
+----------------+-------+-------------------------------------------------------------------------+
; n              ; 4     ; Signed Integer                                                          ;
+----------------+-------+-------------------------------------------------------------------------+
Note: In order to hide this table in the UI and the text report file, please set the "Show Parameter Settings in Synthesis Report" option in "Analysis and Synthesis Settings -> More Settings" to "Off".


+-------------------------------------------------------------------------------------------------+
; Parameter Settings for User Entity Instance: sls_PSRM_stage_vhdl:stage0|sls_nbit_reg_vhdl:P_reg ;
+----------------+-------+------------------------------------------------------------------------+
; Parameter Name ; Value ; Type                                                                   ;
+----------------+-------+------------------------------------------------------------------------+
; n              ; 4     ; Signed Integer                                                         ;
+----------------+-------+------------------------------------------------------------------------+
Note: In order to hide this table in the UI and the text report file, please set the "Show Parameter Settings in Synthesis Report" option in "Analysis and Synthesis Settings -> More Settings" to "Off".


+--------------------------------------------------------------------------------------------------+
; Parameter Settings for User Entity Instance: sls_PSRM_stage_vhdl:stage0|sls_nbit_reg_vhdl:mr_reg ;
+----------------+-------+-------------------------------------------------------------------------+
; Parameter Name ; Value ; Type                                                                    ;
+----------------+-------+-------------------------------------------------------------------------+
; n              ; 4     ; Signed Integer                                                          ;
+----------------+-------+-------------------------------------------------------------------------+
Note: In order to hide this table in the UI and the text report file, please set the "Show Parameter Settings in Synthesis Report" option in "Analysis and Synthesis Settings -> More Settings" to "Off".


+-----------------------------------------------------------------------------------------------------+
; Parameter Settings for User Entity Instance: sls_PSRM_stage_vhdl:stage0|sls_nbit_add_sub_vhdl:adder ;
+----------------+-------+----------------------------------------------------------------------------+
; Parameter Name ; Value ; Type                                                                       ;
+----------------+-------+----------------------------------------------------------------------------+
; n              ; 4     ; Signed Integer                                                             ;
+----------------+-------+----------------------------------------------------------------------------+
Note: In order to hide this table in the UI and the text report file, please set the "Show Parameter Settings in Synthesis Report" option in "Analysis and Synthesis Settings -> More Settings" to "Off".


+--------------------------------------------------------------------------------------------------+
; Parameter Settings for User Entity Instance: sls_PSRM_stage_vhdl:stage1|sls_nbit_reg_vhdl:Md_reg ;
+----------------+-------+-------------------------------------------------------------------------+
; Parameter Name ; Value ; Type                                                                    ;
+----------------+-------+-------------------------------------------------------------------------+
; n              ; 4     ; Signed Integer                                                          ;
+----------------+-------+-------------------------------------------------------------------------+
Note: In order to hide this table in the UI and the text report file, please set the "Show Parameter Settings in Synthesis Report" option in "Analysis and Synthesis Settings -> More Settings" to "Off".


+-------------------------------------------------------------------------------------------------+
; Parameter Settings for User Entity Instance: sls_PSRM_stage_vhdl:stage1|sls_nbit_reg_vhdl:P_reg ;
+----------------+-------+------------------------------------------------------------------------+
; Parameter Name ; Value ; Type                                                                   ;
+----------------+-------+------------------------------------------------------------------------+
; n              ; 4     ; Signed Integer                                                         ;
+----------------+-------+------------------------------------------------------------------------+
Note: In order to hide this table in the UI and the text report file, please set the "Show Parameter Settings in Synthesis Report" option in "Analysis and Synthesis Settings -> More Settings" to "Off".


+--------------------------------------------------------------------------------------------------+
; Parameter Settings for User Entity Instance: sls_PSRM_stage_vhdl:stage1|sls_nbit_reg_vhdl:mr_reg ;
+----------------+-------+-------------------------------------------------------------------------+
; Parameter Name ; Value ; Type                                                                    ;
+----------------+-------+-------------------------------------------------------------------------+
; n              ; 4     ; Signed Integer                                                          ;
+----------------+-------+-------------------------------------------------------------------------+
Note: In order to hide this table in the UI and the text report file, please set the "Show Parameter Settings in Synthesis Report" option in "Analysis and Synthesis Settings -> More Settings" to "Off".


+-----------------------------------------------------------------------------------------------------+
; Parameter Settings for User Entity Instance: sls_PSRM_stage_vhdl:stage1|sls_nbit_add_sub_vhdl:adder ;
+----------------+-------+----------------------------------------------------------------------------+
; Parameter Name ; Value ; Type                                                                       ;
+----------------+-------+----------------------------------------------------------------------------+
; n              ; 4     ; Signed Integer                                                             ;
+----------------+-------+----------------------------------------------------------------------------+
Note: In order to hide this table in the UI and the text report file, please set the "Show Parameter Settings in Synthesis Report" option in "Analysis and Synthesis Settings -> More Settings" to "Off".


+--------------------------------------------------------------------------------------------------+
; Parameter Settings for User Entity Instance: sls_PSRM_stage_vhdl:stage2|sls_nbit_reg_vhdl:Md_reg ;
+----------------+-------+-------------------------------------------------------------------------+
; Parameter Name ; Value ; Type                                                                    ;
+----------------+-------+-------------------------------------------------------------------------+
; n              ; 4     ; Signed Integer                                                          ;
+----------------+-------+-------------------------------------------------------------------------+
Note: In order to hide this table in the UI and the text report file, please set the "Show Parameter Settings in Synthesis Report" option in "Analysis and Synthesis Settings -> More Settings" to "Off".


+-------------------------------------------------------------------------------------------------+
; Parameter Settings for User Entity Instance: sls_PSRM_stage_vhdl:stage2|sls_nbit_reg_vhdl:P_reg ;
+----------------+-------+------------------------------------------------------------------------+
; Parameter Name ; Value ; Type                                                                   ;
+----------------+-------+------------------------------------------------------------------------+
; n              ; 4     ; Signed Integer                                                         ;
+----------------+-------+------------------------------------------------------------------------+
Note: In order to hide this table in the UI and the text report file, please set the "Show Parameter Settings in Synthesis Report" option in "Analysis and Synthesis Settings -> More Settings" to "Off".


+--------------------------------------------------------------------------------------------------+
; Parameter Settings for User Entity Instance: sls_PSRM_stage_vhdl:stage2|sls_nbit_reg_vhdl:mr_reg ;
+----------------+-------+-------------------------------------------------------------------------+
; Parameter Name ; Value ; Type                                                                    ;
+----------------+-------+-------------------------------------------------------------------------+
; n              ; 4     ; Signed Integer                                                          ;
+----------------+-------+-------------------------------------------------------------------------+
Note: In order to hide this table in the UI and the text report file, please set the "Show Parameter Settings in Synthesis Report" option in "Analysis and Synthesis Settings -> More Settings" to "Off".


+-----------------------------------------------------------------------------------------------------+
; Parameter Settings for User Entity Instance: sls_PSRM_stage_vhdl:stage2|sls_nbit_add_sub_vhdl:adder ;
+----------------+-------+----------------------------------------------------------------------------+
; Parameter Name ; Value ; Type                                                                       ;
+----------------+-------+----------------------------------------------------------------------------+
; n              ; 4     ; Signed Integer                                                             ;
+----------------+-------+----------------------------------------------------------------------------+
Note: In order to hide this table in the UI and the text report file, please set the "Show Parameter Settings in Synthesis Report" option in "Analysis and Synthesis Settings -> More Settings" to "Off".


+--------------------------------------------------------------------------------------------------+
; Parameter Settings for User Entity Instance: sls_PSRM_stage_vhdl:stage3|sls_nbit_reg_vhdl:Md_reg ;
+----------------+-------+-------------------------------------------------------------------------+
; Parameter Name ; Value ; Type                                                                    ;
+----------------+-------+-------------------------------------------------------------------------+
; n              ; 4     ; Signed Integer                                                          ;
+----------------+-------+-------------------------------------------------------------------------+
Note: In order to hide this table in the UI and the text report file, please set the "Show Parameter Settings in Synthesis Report" option in "Analysis and Synthesis Settings -> More Settings" to "Off".


+-------------------------------------------------------------------------------------------------+
; Parameter Settings for User Entity Instance: sls_PSRM_stage_vhdl:stage3|sls_nbit_reg_vhdl:P_reg ;
+----------------+-------+------------------------------------------------------------------------+
; Parameter Name ; Value ; Type                                                                   ;
+----------------+-------+------------------------------------------------------------------------+
; n              ; 4     ; Signed Integer                                                         ;
+----------------+-------+------------------------------------------------------------------------+
Note: In order to hide this table in the UI and the text report file, please set the "Show Parameter Settings in Synthesis Report" option in "Analysis and Synthesis Settings -> More Settings" to "Off".


+--------------------------------------------------------------------------------------------------+
; Parameter Settings for User Entity Instance: sls_PSRM_stage_vhdl:stage3|sls_nbit_reg_vhdl:mr_reg ;
+----------------+-------+-------------------------------------------------------------------------+
; Parameter Name ; Value ; Type                                                                    ;
+----------------+-------+-------------------------------------------------------------------------+
; n              ; 4     ; Signed Integer                                                          ;
+----------------+-------+-------------------------------------------------------------------------+
Note: In order to hide this table in the UI and the text report file, please set the "Show Parameter Settings in Synthesis Report" option in "Analysis and Synthesis Settings -> More Settings" to "Off".


+-----------------------------------------------------------------------------------------------------+
; Parameter Settings for User Entity Instance: sls_PSRM_stage_vhdl:stage3|sls_nbit_add_sub_vhdl:adder ;
+----------------+-------+----------------------------------------------------------------------------+
; Parameter Name ; Value ; Type                                                                       ;
+----------------+-------+----------------------------------------------------------------------------+
; n              ; 4     ; Signed Integer                                                             ;
+----------------+-------+----------------------------------------------------------------------------+
Note: In order to hide this table in the UI and the text report file, please set the "Show Parameter Settings in Synthesis Report" option in "Analysis and Synthesis Settings -> More Settings" to "Off".


+-----------------------------------------------------------------------+
; Parameter Settings for User Entity Instance: sls_nbit_reg_vhdl:MD_Reg ;
+----------------+-------+----------------------------------------------+
; Parameter Name ; Value ; Type                                         ;
+----------------+-------+----------------------------------------------+
; n              ; 4     ; Signed Integer                               ;
+----------------+-------+----------------------------------------------+
Note: In order to hide this table in the UI and the text report file, please set the "Show Parameter Settings in Synthesis Report" option in "Analysis and Synthesis Settings -> More Settings" to "Off".


+-----------------------------------------------------------------------+
; Parameter Settings for User Entity Instance: sls_nbit_reg_vhdl:PP_Reg ;
+----------------+-------+----------------------------------------------+
; Parameter Name ; Value ; Type                                         ;
+----------------+-------+----------------------------------------------+
; n              ; 4     ; Signed Integer                               ;
+----------------+-------+----------------------------------------------+
Note: In order to hide this table in the UI and the text report file, please set the "Show Parameter Settings in Synthesis Report" option in "Analysis and Synthesis Settings -> More Settings" to "Off".


+-----------------------------------------------------------------------+
; Parameter Settings for User Entity Instance: sls_nbit_reg_vhdl:mr_Reg ;
+----------------+-------+----------------------------------------------+
; Parameter Name ; Value ; Type                                         ;
+----------------+-------+----------------------------------------------+
; n              ; 4     ; Signed Integer                               ;
+----------------+-------+----------------------------------------------+
Note: In order to hide this table in the UI and the text report file, please set the "Show Parameter Settings in Synthesis Report" option in "Analysis and Synthesis Settings -> More Settings" to "Off".


+-------------------------------------------------------------------------+
; Parameter Settings for User Entity Instance: sls_nBitSFR_vhdl:twosc_Reg ;
+----------------+-------+------------------------------------------------+
; Parameter Name ; Value ; Type                                           ;
+----------------+-------+------------------------------------------------+
; n              ; 5     ; Signed Integer                                 ;
+----------------+-------+------------------------------------------------+
Note: In order to hide this table in the UI and the text report file, please set the "Show Parameter Settings in Synthesis Report" option in "Analysis and Synthesis Settings -> More Settings" to "Off".


+--------------------------------------------------------------------------+
; Parameter Settings for User Entity Instance: sls_nbit_2sc_out_vhdl:f_2sc ;
+----------------+-------+-------------------------------------------------+
; Parameter Name ; Value ; Type                                            ;
+----------------+-------+-------------------------------------------------+
; n              ; 8     ; Signed Integer                                  ;
+----------------+-------+-------------------------------------------------+
Note: In order to hide this table in the UI and the text report file, please set the "Show Parameter Settings in Synthesis Report" option in "Analysis and Synthesis Settings -> More Settings" to "Off".


+------------------------------------------------------------------------------------------------------------------+
; Port Connectivity Checks: "sls_nBitSFR_vhdl:twosc_Reg"                                                           ;
+--------+--------+----------+-------------------------------------------------------------------------------------+
; Port   ; Type   ; Severity ; Details                                                                             ;
+--------+--------+----------+-------------------------------------------------------------------------------------+
; din    ; Input  ; Info     ; Stuck at GND                                                                        ;
; sdinr  ; Input  ; Info     ; Stuck at GND                                                                        ;
; load   ; Input  ; Info     ; Stuck at GND                                                                        ;
; shr    ; Input  ; Info     ; Stuck at VCC                                                                        ;
; shl    ; Input  ; Info     ; Stuck at GND                                                                        ;
; sdoutl ; Output ; Info     ; Connected to dangling logic. Logic that only feeds a dangling port will be removed. ;
; dout   ; Output ; Info     ; Connected to dangling logic. Logic that only feeds a dangling port will be removed. ;
+--------+--------+----------+-------------------------------------------------------------------------------------+


+------------------------------------------------------+
; Port Connectivity Checks: "sls_nbit_reg_vhdl:mr_Reg" ;
+------+-------+----------+----------------------------+
; Port ; Type  ; Severity ; Details                    ;
+------+-------+----------+----------------------------+
; ld   ; Input ; Info     ; Stuck at VCC               ;
+------+-------+----------+----------------------------+


+------------------------------------------------------+
; Port Connectivity Checks: "sls_nbit_reg_vhdl:PP_Reg" ;
+------+-------+----------+----------------------------+
; Port ; Type  ; Severity ; Details                    ;
+------+-------+----------+----------------------------+
; ld   ; Input ; Info     ; Stuck at VCC               ;
+------+-------+----------+----------------------------+


+----------------------------------------------------------------------------------------------------------------+
; Port Connectivity Checks: "sls_nbit_reg_vhdl:MD_Reg"                                                           ;
+------+--------+----------+-------------------------------------------------------------------------------------+
; Port ; Type   ; Severity ; Details                                                                             ;
+------+--------+----------+-------------------------------------------------------------------------------------+
; ld   ; Input  ; Info     ; Stuck at VCC                                                                        ;
; dout ; Output ; Info     ; Connected to dangling logic. Logic that only feeds a dangling port will be removed. ;
+------+--------+----------+-------------------------------------------------------------------------------------+


+----------------------------------------------------------------------------------------------------------------------+
; Port Connectivity Checks: "sls_PSRM_stage_vhdl:stage3"                                                               ;
+------------+--------+----------+-------------------------------------------------------------------------------------+
; Port       ; Type   ; Severity ; Details                                                                             ;
+------------+--------+----------+-------------------------------------------------------------------------------------+
; ld_all     ; Input  ; Info     ; Stuck at VCC                                                                        ;
; mr_dout[0] ; Output ; Info     ; Connected to dangling logic. Logic that only feeds a dangling port will be removed. ;
+------------+--------+----------+-------------------------------------------------------------------------------------+


+----------------------------------------------------------------------------------------------------------------------+
; Port Connectivity Checks: "sls_PSRM_stage_vhdl:stage2"                                                               ;
+------------+--------+----------+-------------------------------------------------------------------------------------+
; Port       ; Type   ; Severity ; Details                                                                             ;
+------------+--------+----------+-------------------------------------------------------------------------------------+
; ld_all     ; Input  ; Info     ; Stuck at VCC                                                                        ;
; mr_dout[0] ; Output ; Info     ; Connected to dangling logic. Logic that only feeds a dangling port will be removed. ;
+------------+--------+----------+-------------------------------------------------------------------------------------+


+----------------------------------------------------------------------------------------------------------------------+
; Port Connectivity Checks: "sls_PSRM_stage_vhdl:stage1"                                                               ;
+------------+--------+----------+-------------------------------------------------------------------------------------+
; Port       ; Type   ; Severity ; Details                                                                             ;
+------------+--------+----------+-------------------------------------------------------------------------------------+
; ld_all     ; Input  ; Info     ; Stuck at VCC                                                                        ;
; mr_dout[0] ; Output ; Info     ; Connected to dangling logic. Logic that only feeds a dangling port will be removed. ;
+------------+--------+----------+-------------------------------------------------------------------------------------+


+--------------------------------------------------------------------------------------------------------------------+
; Port Connectivity Checks: "sls_PSRM_stage_vhdl:stage0|sls_nbit_add_sub_vhdl:adder"                                 ;
+----------+--------+----------+-------------------------------------------------------------------------------------+
; Port     ; Type   ; Severity ; Details                                                                             ;
+----------+--------+----------+-------------------------------------------------------------------------------------+
; cin      ; Input  ; Info     ; Stuck at GND                                                                        ;
; overflow ; Output ; Info     ; Connected to dangling logic. Logic that only feeds a dangling port will be removed. ;
+----------+--------+----------+-------------------------------------------------------------------------------------+


+----------------------------------------------------------------------------------------------------------------------+
; Port Connectivity Checks: "sls_PSRM_stage_vhdl:stage0"                                                               ;
+------------+--------+----------+-------------------------------------------------------------------------------------+
; Port       ; Type   ; Severity ; Details                                                                             ;
+------------+--------+----------+-------------------------------------------------------------------------------------+
; pr_din     ; Input  ; Info     ; Stuck at GND                                                                        ;
; ld_all     ; Input  ; Info     ; Stuck at VCC                                                                        ;
; mr_dout[0] ; Output ; Info     ; Connected to dangling logic. Logic that only feeds a dangling port will be removed. ;
+------------+--------+----------+-------------------------------------------------------------------------------------+


+----------------------------------------------------------------------------------------------------------------+
; Port Connectivity Checks: "sls_nbit_2sc_in_vhdl:Md_2sc|sls_and2:\twosc:3:stage2"                               ;
+------+--------+----------+-------------------------------------------------------------------------------------+
; Port ; Type   ; Severity ; Details                                                                             ;
+------+--------+----------+-------------------------------------------------------------------------------------+
; f    ; Output ; Info     ; Connected to dangling logic. Logic that only feeds a dangling port will be removed. ;
+------+--------+----------+-------------------------------------------------------------------------------------+


+----------------------------------------------------------------------------------+
; Port Connectivity Checks: "sls_nbit_2sc_in_vhdl:Md_2sc|sls_and2:\twosc:0:stage2" ;
+------+-------+----------+--------------------------------------------------------+
; Port ; Type  ; Severity ; Details                                                ;
+------+-------+----------+--------------------------------------------------------+
; x2   ; Input ; Info     ; Stuck at VCC                                           ;
+------+-------+----------+--------------------------------------------------------+


+----------------------------------------------------------------------------------+
; Port Connectivity Checks: "sls_nbit_2sc_in_vhdl:Md_2sc|sls_xor2:\twosc:0:stage1" ;
+------+-------+----------+--------------------------------------------------------+
; Port ; Type  ; Severity ; Details                                                ;
+------+-------+----------+--------------------------------------------------------+
; x2   ; Input ; Info     ; Stuck at VCC                                           ;
+------+-------+----------+--------------------------------------------------------+


+-----------------------------------------------------+
; Post-Synthesis Netlist Statistics for Top Partition ;
+-----------------------+-----------------------------+
; Type                  ; Count                       ;
+-----------------------+-----------------------------+
; boundary_port         ; 18                          ;
; cycloneiii_ff         ; 56                          ;
;     SCLR              ; 26                          ;
;     plain             ; 30                          ;
; cycloneiii_lcell_comb ; 74                          ;
;     arith             ; 7                           ;
;         3 data inputs ; 7                           ;
;     normal            ; 67                          ;
;         2 data inputs ; 37                          ;
;         3 data inputs ; 10                          ;
;         4 data inputs ; 20                          ;
;                       ;                             ;
; Max LUT depth         ; 4.00                        ;
; Average LUT depth     ; 1.87                        ;
+-----------------------+-----------------------------+


+-------------------------------+
; Elapsed Time Per Partition    ;
+----------------+--------------+
; Partition Name ; Elapsed Time ;
+----------------+--------------+
; Top            ; 00:00:00     ;
+----------------+--------------+


+-------------------------------+
; Analysis & Synthesis Messages ;
+-------------------------------+
Info: *******************************************************************
Info: Running Quartus Prime Analysis & Synthesis
    Info: Version 18.1.0 Build 625 09/12/2018 SJ Lite Edition
    Info: Processing started: Wed Apr 23 23:47:04 2025
Info: Command: quartus_map --read_settings_files=on --write_settings_files=off sls_PSRM_vhdl -c sls_PSRM_vhdl
Warning (18236): Number of processors has not been specified which may cause overloading on shared machines.  Set the global assignment NUM_PARALLEL_PROCESSORS in your QSF to an appropriate value for best performance.
Info (20030): Parallel compilation is enabled and will use 8 of the 8 processors detected
Info (12021): Found 2 design units, including 1 entities, in source file sls_nbit_reg_vhdl.vhd
    Info (12022): Found design unit 1: sls_nbit_reg_vhdl-beh File: C:/Users/sls3445/Documents/DS2_labs/Lab12/sls_PSRM_vhdl/sls_nbit_reg_vhdl.vhd Line: 11
    Info (12023): Found entity 1: sls_nbit_reg_vhdl File: C:/Users/sls3445/Documents/DS2_labs/Lab12/sls_PSRM_vhdl/sls_nbit_reg_vhdl.vhd Line: 4
Info (12021): Found 1 design units, including 0 entities, in source file sls_psrm_package.vhd
    Info (12022): Found design unit 1: sls_PSRM_package File: C:/Users/sls3445/Documents/DS2_labs/Lab12/sls_PSRM_vhdl/sls_PSRM_package.vhd Line: 4
Info (12021): Found 2 design units, including 1 entities, in source file sls_nbitsfr_vhdl.vhd
    Info (12022): Found design unit 1: sls_nBitSFR_vhdl-sls_Behavior File: C:/Users/sls3445/Documents/DS2_labs/Lab12/sls_PSRM_vhdl/sls_nBitSFR_vhdl.vhd Line: 13
    Info (12023): Found entity 1: sls_nBitSFR_vhdl File: C:/Users/sls3445/Documents/DS2_labs/Lab12/sls_PSRM_vhdl/sls_nBitSFR_vhdl.vhd Line: 4
Info (12021): Found 2 design units, including 1 entities, in source file sls_psrm_stage_vhdl.vhd
    Info (12022): Found design unit 1: sls_PSRM_stage_vhdl-structural File: C:/Users/sls3445/Documents/DS2_labs/Lab12/sls_PSRM_vhdl/sls_PSRM_stage_vhdl.vhd Line: 13
    Info (12023): Found entity 1: sls_PSRM_stage_vhdl File: C:/Users/sls3445/Documents/DS2_labs/Lab12/sls_PSRM_vhdl/sls_PSRM_stage_vhdl.vhd Line: 6
Info (12021): Found 2 design units, including 1 entities, in source file sls_psrm_vhdl.vhd
    Info (12022): Found design unit 1: sls_PSRM_vhdl-pipe File: C:/Users/sls3445/Documents/DS2_labs/Lab12/sls_PSRM_vhdl/sls_PSRM_vhdl.vhd Line: 12
    Info (12023): Found entity 1: sls_PSRM_vhdl File: C:/Users/sls3445/Documents/DS2_labs/Lab12/sls_PSRM_vhdl/sls_PSRM_vhdl.vhd Line: 6
Info (12021): Found 2 design units, including 1 entities, in source file sls_nbit_2sc_in_vhdl.vhd
    Info (12022): Found design unit 1: sls_nbit_2sc_in_vhdl-struc File: C:/Users/sls3445/Documents/DS2_labs/Lab12/sls_PSRM_vhdl/sls_nbit_2sc_in_vhdl.vhd Line: 11
    Info (12023): Found entity 1: sls_nbit_2sc_in_vhdl File: C:/Users/sls3445/Documents/DS2_labs/Lab12/sls_PSRM_vhdl/sls_nbit_2sc_in_vhdl.vhd Line: 5
Info (12021): Found 2 design units, including 1 entities, in source file sls_nbit_2sc_out_vhdl.vhd
    Info (12022): Found design unit 1: sls_nbit_2sc_out_vhdl-beh File: C:/Users/sls3445/Documents/DS2_labs/Lab12/sls_PSRM_vhdl/sls_nbit_2sc_out_vhdl.vhd Line: 12
    Info (12023): Found entity 1: sls_nbit_2sc_out_vhdl File: C:/Users/sls3445/Documents/DS2_labs/Lab12/sls_PSRM_vhdl/sls_nbit_2sc_out_vhdl.vhd Line: 5
Info (12021): Found 2 design units, including 1 entities, in source file sls_nbit_add_sub_vhdl.vhd
    Info (12022): Found design unit 1: sls_nbit_add_sub_vhdl-func File: C:/Users/sls3445/Documents/DS2_labs/Lab12/sls_PSRM_vhdl/sls_nbit_add_sub_vhdl.vhd Line: 13
    Info (12023): Found entity 1: sls_nbit_add_sub_vhdl File: C:/Users/sls3445/Documents/DS2_labs/Lab12/sls_PSRM_vhdl/sls_nbit_add_sub_vhdl.vhd Line: 4
Info (12021): Found 2 design units, including 1 entities, in source file sls_psrm_vhdl_tb.vhd
    Info (12022): Found design unit 1: sls_PSRM_vhdl_tb-behavior File: C:/Users/sls3445/Documents/DS2_labs/Lab12/sls_PSRM_vhdl/sls_PSRM_vhdl_tb.vhd Line: 18
    Info (12023): Found entity 1: sls_PSRM_vhdl_tb File: C:/Users/sls3445/Documents/DS2_labs/Lab12/sls_PSRM_vhdl/sls_PSRM_vhdl_tb.vhd Line: 13
Info (12127): Elaborating entity "sls_PSRM_vhdl" for the top level hierarchy
Warning (10036): Verilog HDL or VHDL warning at sls_PSRM_vhdl.vhd(19): object "Md_final" assigned a value but never read File: C:/Users/sls3445/Documents/DS2_labs/Lab12/sls_PSRM_vhdl/sls_PSRM_vhdl.vhd Line: 19
Warning (10036): Verilog HDL or VHDL warning at sls_PSRM_vhdl.vhd(20): object "twosc_L" assigned a value but never read File: C:/Users/sls3445/Documents/DS2_labs/Lab12/sls_PSRM_vhdl/sls_PSRM_vhdl.vhd Line: 20
Warning (10036): Verilog HDL or VHDL warning at sls_PSRM_vhdl.vhd(22): object "twosc_out" assigned a value but never read File: C:/Users/sls3445/Documents/DS2_labs/Lab12/sls_PSRM_vhdl/sls_PSRM_vhdl.vhd Line: 22
Info (12128): Elaborating entity "sls_nbit_2sc_in_vhdl" for hierarchy "sls_nbit_2sc_in_vhdl:Md_2sc" File: C:/Users/sls3445/Documents/DS2_labs/Lab12/sls_PSRM_vhdl/sls_PSRM_vhdl.vhd Line: 36
Warning (12125): Using design file sls_not.vhd, which is not specified as a design file for the current project, but contains definitions for 2 design units and 1 entities in project
    Info (12022): Found design unit 1: sls_not-func File: C:/Users/sls3445/Documents/DS2_labs/Lab12/sls_PSRM_vhdl/sls_not.vhd Line: 9
    Info (12023): Found entity 1: sls_not File: C:/Users/sls3445/Documents/DS2_labs/Lab12/sls_PSRM_vhdl/sls_not.vhd Line: 4
Info (12128): Elaborating entity "sls_not" for hierarchy "sls_nbit_2sc_in_vhdl:Md_2sc|sls_not:\twosc:0:stage0" File: C:/Users/sls3445/Documents/DS2_labs/Lab12/sls_PSRM_vhdl/sls_nbit_2sc_in_vhdl.vhd Line: 18
Warning (12125): Using design file sls_xor2.vhd, which is not specified as a design file for the current project, but contains definitions for 2 design units and 1 entities in project
    Info (12022): Found design unit 1: sls_xor2-func File: C:/Users/sls3445/Documents/DS2_labs/Lab12/sls_PSRM_vhdl/sls_xor2.vhd Line: 9
    Info (12023): Found entity 1: sls_xor2 File: C:/Users/sls3445/Documents/DS2_labs/Lab12/sls_PSRM_vhdl/sls_xor2.vhd Line: 4
Info (12128): Elaborating entity "sls_xor2" for hierarchy "sls_nbit_2sc_in_vhdl:Md_2sc|sls_xor2:\twosc:0:stage1" File: C:/Users/sls3445/Documents/DS2_labs/Lab12/sls_PSRM_vhdl/sls_nbit_2sc_in_vhdl.vhd Line: 19
Warning (12125): Using design file sls_and2.vhd, which is not specified as a design file for the current project, but contains definitions for 2 design units and 1 entities in project
    Info (12022): Found design unit 1: sls_and2-func File: C:/Users/sls3445/Documents/DS2_labs/Lab12/sls_PSRM_vhdl/sls_and2.vhd Line: 9
    Info (12023): Found entity 1: sls_and2 File: C:/Users/sls3445/Documents/DS2_labs/Lab12/sls_PSRM_vhdl/sls_and2.vhd Line: 4
Info (12128): Elaborating entity "sls_and2" for hierarchy "sls_nbit_2sc_in_vhdl:Md_2sc|sls_and2:\twosc:0:stage2" File: C:/Users/sls3445/Documents/DS2_labs/Lab12/sls_PSRM_vhdl/sls_nbit_2sc_in_vhdl.vhd Line: 20
Info (12128): Elaborating entity "sls_PSRM_stage_vhdl" for hierarchy "sls_PSRM_stage_vhdl:stage0" File: C:/Users/sls3445/Documents/DS2_labs/Lab12/sls_PSRM_vhdl/sls_PSRM_vhdl.vhd Line: 41
Warning (10036): Verilog HDL or VHDL warning at sls_PSRM_stage_vhdl.vhd(16): object "adder_v" assigned a value but never read File: C:/Users/sls3445/Documents/DS2_labs/Lab12/sls_PSRM_vhdl/sls_PSRM_stage_vhdl.vhd Line: 16
Info (12128): Elaborating entity "sls_nbit_reg_vhdl" for hierarchy "sls_PSRM_stage_vhdl:stage0|sls_nbit_reg_vhdl:Md_reg" File: C:/Users/sls3445/Documents/DS2_labs/Lab12/sls_PSRM_vhdl/sls_PSRM_stage_vhdl.vhd Line: 19
Info (12128): Elaborating entity "sls_nbit_add_sub_vhdl" for hierarchy "sls_PSRM_stage_vhdl:stage0|sls_nbit_add_sub_vhdl:adder" File: C:/Users/sls3445/Documents/DS2_labs/Lab12/sls_PSRM_vhdl/sls_PSRM_stage_vhdl.vhd Line: 33
Info (12128): Elaborating entity "sls_nBitSFR_vhdl" for hierarchy "sls_nBitSFR_vhdl:twosc_Reg" File: C:/Users/sls3445/Documents/DS2_labs/Lab12/sls_PSRM_vhdl/sls_PSRM_vhdl.vhd Line: 68
Warning (10492): VHDL Process Statement warning at sls_nBitSFR_vhdl.vhd(25): signal "Dout" is read inside the Process Statement but isn't in the Process Statement's sensitivity list File: C:/Users/sls3445/Documents/DS2_labs/Lab12/sls_PSRM_vhdl/sls_nBitSFR_vhdl.vhd Line: 25
Warning (10492): VHDL Process Statement warning at sls_nBitSFR_vhdl.vhd(25): signal "SDoutR" is read inside the Process Statement but isn't in the Process Statement's sensitivity list File: C:/Users/sls3445/Documents/DS2_labs/Lab12/sls_PSRM_vhdl/sls_nBitSFR_vhdl.vhd Line: 25
Warning (10492): VHDL Process Statement warning at sls_nBitSFR_vhdl.vhd(25): signal "SDoutL" is read inside the Process Statement but isn't in the Process Statement's sensitivity list File: C:/Users/sls3445/Documents/DS2_labs/Lab12/sls_PSRM_vhdl/sls_nBitSFR_vhdl.vhd Line: 25
Info (12128): Elaborating entity "sls_nbit_2sc_out_vhdl" for hierarchy "sls_nbit_2sc_out_vhdl:f_2sc" File: C:/Users/sls3445/Documents/DS2_labs/Lab12/sls_PSRM_vhdl/sls_PSRM_vhdl.vhd Line: 73
Info (286030): Timing-Driven Synthesis is running
Info (17049): 1 registers lost all their fanouts during netlist optimizations.
Info (16010): Generating hard_block partition "hard_block:auto_generated_inst"
    Info (16011): Adding 0 node(s), including 0 DDIO, 0 PLL, 0 transceiver and 0 LCELL
Info (21057): Implemented 92 device resources after synthesis - the final resource count might be different
    Info (21058): Implemented 10 input pins
    Info (21059): Implemented 8 output pins
    Info (21061): Implemented 74 logic cells
Info: Quartus Prime Analysis & Synthesis was successful. 0 errors, 11 warnings
    Info: Peak virtual memory: 4836 megabytes
    Info: Processing ended: Wed Apr 23 23:47:13 2025
    Info: Elapsed time: 00:00:09
    Info: Total CPU time (on all processors): 00:00:07


